<?xml version="1.0" encoding="utf-8"?>
<TestRun id="d95e6630-24f6-401f-9c45-5dc3efe26670" name="12141@MC1214113371 2026-05-02 15:35:54" runUser="MC1214113371\12141" xmlns="http://microsoft.com/schemas/VisualStudio/TeamTest/2010">
  <Times creation="2026-05-02T15:35:54.3614061+08:00" queuing="2026-05-02T15:35:54.3614062+08:00" start="2026-05-02T15:35:53.7190091+08:00" finish="2026-05-02T15:35:54.3817692+08:00" />
  <TestSettings name="default" id="3d025fea-c310-4d98-b62c-452d42fbbed3">
    <Deployment runDeploymentRoot="12141_MC1214113371_2026-05-02_15_35_54" />
  </TestSettings>
  <Results>
    <UnitTestResult executionId="8456a568-9fa7-4b19-aff2-73df012a5798" testId="623d7748-2f02-3a33-4fc4-32066e60112a" testName="Runtime_id_is_reused_after_dispose" computerName="MC1214113371" duration="00:00:00.0003660" startTime="2026-05-02T15:35:54.2788643+08:00" endTime="2026-05-02T15:35:54.2792307+08:00" testType="13cdc9d9-ddb5-4fa4-a97d-d965ccfc6d4b" outcome="Passed" testListId="8c84fa94-04c1-424b-9868-57a2d4851a1d" relativeResultsDirectory="8456a568-9fa7-4b19-aff2-73df012a5798" />
    <UnitTestResult executionId="3366618d-0089-4134-bc12-4fad6a18d8d7" testId="8fd99508-1730-e2b0-36b4-b7477ded7b10" testName="Runtime_dispose_clears_payload_and_layer_target_cache_slots" computerName="MC1214113371" duration="00:00:00.0117090" startTime="2026-05-02T15:35:54.2670112+08:00" endTime="2026-05-02T15:35:54.2787202+08:00" testType="13cdc9d9-ddb5-4fa4-a97d-d965ccfc6d4b" outcome="Failed" testListId="8c84fa94-04c1-424b-9868-57a2d4851a1d" relativeResultsDirectory="3366618d-0089-4134-bc12-4fad6a18d8d7">
      <Output>
        <ErrorInfo>
          <Message>  Assert.That(runtime.Scheduler.TryPost(new RuntimeCachePayloadEvent()).IsSuccess, Is.True)&#xD;
  Expected: True&#xD;
  But was:  False&#xD;
</Message>
          <StackTrace>   at EventsTest.SyncRuntimeModelImprovementTests.Runtime_dispose_clears_payload_and_layer_target_cache_slots() in D:\RiderProject\Events\LayerBase.Test\SyncRuntimeModelImprovementTests.cs:line 31&#xD;

1)    at EventsTest.SyncRuntimeModelImprovementTests.Runtime_dispose_clears_payload_and_layer_target_cache_slots() in D:\RiderProject\Events\LayerBase.Test\SyncRuntimeModelImprovementTests.cs:line 31&#xD;

</StackTrace>
        </ErrorInfo>
      </Output>
    </UnitTestResult>
    <UnitTestResult executionId="d87683cb-e85b-420d-85b9-14774ecce392" testId="3bd967b9-3378-b558-30ab-f8ef1ed0bd53" testName="Build_after_unknown_dirty_event_returns_failure" computerName="MC1214113371" duration="00:00:00.0351860" startTime="2026-05-02T15:35:54.2139098+08:00" endTime="2026-05-02T15:35:54.2490660+08:00" testType="13cdc9d9-ddb5-4fa4-a97d-d965ccfc6d4b" outcome="Passed" testListId="8c84fa94-04c1-424b-9868-57a2d4851a1d" relativeResultsDirectory="d87683cb-e85b-420d-85b9-14774ecce392" />
    <UnitTestResult executionId="6be30d5b-1d9f-4542-8737-a5a496098d38" testId="10747f8c-b49b-4f67-0a2c-00cfab1cbbc0" testName="TryPost_reports_missing_primary_runtime" computerName="MC1214113371" duration="00:00:00.0001950" startTime="2026-05-02T15:35:54.2804375+08:00" endTime="2026-05-02T15:35:54.2806328+08:00" testType="13cdc9d9-ddb5-4fa4-a97d-d965ccfc6d4b" outcome="Passed" testListId="8c84fa94-04c1-424b-9868-57a2d4851a1d" relativeResultsDirectory="6be30d5b-1d9f-4542-8737-a5a496098d38" />
    <UnitTestResult executionId="1def7274-7ce8-488e-bbee-97d7a0e784ff" testId="ef0fe2c1-e9a0-1499-711b-4ee7f8c7187c" testName="Layer_dispose_clears_pending_subscription_operations" computerName="MC1214113371" duration="00:00:00.0052090" startTime="2026-05-02T15:35:54.2617792+08:00" endTime="2026-05-02T15:35:54.2669875+08:00" testType="13cdc9d9-ddb5-4fa4-a97d-d965ccfc6d4b" outcome="Passed" testListId="8c84fa94-04c1-424b-9868-57a2d4851a1d" relativeResultsDirectory="1def7274-7ce8-488e-bbee-97d7a0e784ff" />
    <UnitTestResult executionId="003453f2-ac0f-47cf-a94c-bf8e4a3f17eb" testId="f0cd46f8-4d60-09b7-795e-1ac520729fe8" testName="Duplicate_singleton_registration_with_different_implementation_fails" computerName="MC1214113371" duration="00:00:00.0091060" startTime="2026-05-02T15:35:54.2502313+08:00" endTime="2026-05-02T15:35:54.2593373+08:00" testType="13cdc9d9-ddb5-4fa4-a97d-d965ccfc6d4b" outcome="Passed" testListId="8c84fa94-04c1-424b-9868-57a2d4851a1d" relativeResultsDirectory="003453f2-ac0f-47cf-a94c-bf8e4a3f17eb" />
    <UnitTestResult executionId="3ea8bdda-bfc0-4c20-90b0-a8809d64a475" testId="d59f9c21-4d60-999f-13eb-8953d40281a3" testName="Factory_resolution_reuses_context_for_cycle_detection" computerName="MC1214113371" duration="00:00:00.0023999" startTime="2026-05-02T15:35:54.2593646+08:00" endTime="2026-05-02T15:35:54.2617648+08:00" testType="13cdc9d9-ddb5-4fa4-a97d-d965ccfc6d4b" outcome="Passed" testListId="8c84fa94-04c1-424b-9868-57a2d4851a1d" relativeResultsDirectory="3ea8bdda-bfc0-4c20-90b0-a8809d64a475" />
    <UnitTestResult executionId="27c23a74-6671-4b2f-89ec-b654f0922af8" testId="8a49a66f-b9cc-0eba-ed8a-3110e5b7ef18" testName="Singleton_is_runtime_bound_and_layer_only_api_fails_clearly" computerName="MC1214113371" duration="00:00:00.0011780" startTime="2026-05-02T15:35:54.2792437+08:00" endTime="2026-05-02T15:35:54.2804212+08:00" testType="13cdc9d9-ddb5-4fa4-a97d-d965ccfc6d4b" outcome="Passed" testListId="8c84fa94-04c1-424b-9868-57a2d4851a1d" relativeResultsDirectory="27c23a74-6671-4b2f-89ec-b654f0922af8" />
  </Results>
  <TestDefinitions>
    <UnitTest name="TryPost_reports_missing_primary_runtime" storage="d:\riderproject\events\layerbase.test\bin\debug\net9.0\layerbase.test.dll" id="10747f8c-b49b-4f67-0a2c-00cfab1cbbc0">
      <Execution id="6be30d5b-1d9f-4542-8737-a5a496098d38" />
      <TestMethod codeBase="D:\RiderProject\Events\LayerBase.Test\bin\Debug\net9.0\LayerBase.Test.dll" adapterTypeName="executor://nunit3testexecutor/" className="EventsTest.SyncRuntimeModelImprovementTests" name="TryPost_reports_missing_primary_runtime" />
    </UnitTest>
    <UnitTest name="Runtime_dispose_clears_payload_and_layer_target_cache_slots" storage="d:\riderproject\events\layerbase.test\bin\debug\net9.0\layerbase.test.dll" id="8fd99508-1730-e2b0-36b4-b7477ded7b10">
      <Execution id="3366618d-0089-4134-bc12-4fad6a18d8d7" />
      <TestMethod codeBase="D:\RiderProject\Events\LayerBase.Test\bin\Debug\net9.0\LayerBase.Test.dll" adapterTypeName="executor://nunit3testexecutor/" className="EventsTest.SyncRuntimeModelImprovementTests" name="Runtime_dispose_clears_payload_and_layer_target_cache_slots" />
    </UnitTest>
    <UnitTest name="Duplicate_singleton_registration_with_different_implementation_fails" storage="d:\riderproject\events\layerbase.test\bin\debug\net9.0\layerbase.test.dll" id="f0cd46f8-4d60-09b7-795e-1ac520729fe8">
      <Execution id="003453f2-ac0f-47cf-a94c-bf8e4a3f17eb" />
      <TestMethod codeBase="D:\RiderProject\Events\LayerBase.Test\bin\Debug\net9.0\LayerBase.Test.dll" adapterTypeName="executor://nunit3testexecutor/" className="EventsTest.SyncRuntimeModelImprovementTests" name="Duplicate_singleton_registration_with_different_implementation_fails" />
    </UnitTest>
    <UnitTest name="Layer_dispose_clears_pending_subscription_operations" storage="d:\riderproject\events\layerbase.test\bin\debug\net9.0\layerbase.test.dll" id="ef0fe2c1-e9a0-1499-711b-4ee7f8c7187c">
      <Execution id="1def7274-7ce8-488e-bbee-97d7a0e784ff" />
      <TestMethod codeBase="D:\RiderProject\Events\LayerBase.Test\bin\Debug\net9.0\LayerBase.Test.dll" adapterTypeName="executor://nunit3testexecutor/" className="EventsTest.SyncRuntimeModelImprovementTests" name="Layer_dispose_clears_pending_subscription_operations" />
    </UnitTest>
    <UnitTest name="Singleton_is_runtime_bound_and_layer_only_api_fails_clearly" storage="d:\riderproject\events\layerbase.test\bin\debug\net9.0\layerbase.test.dll" id="8a49a66f-b9cc-0eba-ed8a-3110e5b7ef18">
      <Execution id="27c23a74-6671-4b2f-89ec-b654f0922af8" />
      <TestMethod codeBase="D:\RiderProject\Events\LayerBase.Test\bin\Debug\net9.0\LayerBase.Test.dll" adapterTypeName="executor://nunit3testexecutor/" className="EventsTest.SyncRuntimeModelImprovementTests" name="Singleton_is_runtime_bound_and_layer_only_api_fails_clearly" />
    </UnitTest>
    <UnitTest name="Runtime_id_is_reused_after_dispose" storage="d:\riderproject\events\layerbase.test\bin\debug\net9.0\layerbase.test.dll" id="623d7748-2f02-3a33-4fc4-32066e60112a">
      <Execution id="8456a568-9fa7-4b19-aff2-73df012a5798" />
      <TestMethod codeBase="D:\RiderProject\Events\LayerBase.Test\bin\Debug\net9.0\LayerBase.Test.dll" adapterTypeName="executor://nunit3testexecutor/" className="EventsTest.SyncRuntimeModelImprovementTests" name="Runtime_id_is_reused_after_dispose" />
    </UnitTest>
    <UnitTest name="Factory_resolution_reuses_context_for_cycle_detection" storage="d:\riderproject\events\layerbase.test\bin\debug\net9.0\layerbase.test.dll" id="d59f9c21-4d60-999f-13eb-8953d40281a3">
      <Execution id="3ea8bdda-bfc0-4c20-90b0-a8809d64a475" />
      <TestMethod codeBase="D:\RiderProject\Events\LayerBase.Test\bin\Debug\net9.0\LayerBase.Test.dll" adapterTypeName="executor://nunit3testexecutor/" className="EventsTest.SyncRuntimeModelImprovementTests" name="Factory_resolution_reuses_context_for_cycle_detection" />
    </UnitTest>
    <UnitTest name="Build_after_unknown_dirty_event_returns_failure" storage="d:\riderproject\events\layerbase.test\bin\debug\net9.0\layerbase.test.dll" id="3bd967b9-3378-b558-30ab-f8ef1ed0bd53">
      <Execution id="d87683cb-e85b-420d-85b9-14774ecce392" />
      <TestMethod codeBase="D:\RiderProject\Events\LayerBase.Test\bin\Debug\net9.0\LayerBase.Test.dll" adapterTypeName="executor://nunit3testexecutor/" className="EventsTest.SyncRuntimeModelImprovementTests" name="Build_after_unknown_dirty_event_returns_failure" />
    </UnitTest>
  </TestDefinitions>
  <TestEntries>
    <TestEntry testId="623d7748-2f02-3a33-4fc4-32066e60112a" executionId="8456a568-9fa7-4b19-aff2-73df012a5798" testListId="8c84fa94-04c1-424b-9868-57a2d4851a1d" />
    <TestEntry testId="8fd99508-1730-e2b0-36b4-b7477ded7b10" executionId="3366618d-0089-4134-bc12-4fad6a18d8d7" testListId="8c84fa94-04c1-424b-9868-57a2d4851a1d" />
    <TestEntry testId="3bd967b9-3378-b558-30ab-f8ef1ed0bd53" executionId="d87683cb-e85b-420d-85b9-14774ecce392" testListId="8c84fa94-04c1-424b-9868-57a2d4851a1d" />
    <TestEntry testId="10747f8c-b49b-4f67-0a2c-00cfab1cbbc0" executionId="6be30d5b-1d9f-4542-8737-a5a496098d38" testListId="8c84fa94-04c1-424b-9868-57a2d4851a1d" />
    <TestEntry testId="ef0fe2c1-e9a0-1499-711b-4ee7f8c7187c" executionId="1def7274-7ce8-488e-bbee-97d7a0e784ff" testListId="8c84fa94-04c1-424b-9868-57a2d4851a1d" />
    <TestEntry testId="f0cd46f8-4d60-09b7-795e-1ac520729fe8" executionId="003453f2-ac0f-47cf-a94c-bf8e4a3f17eb" testListId="8c84fa94-04c1-424b-9868-57a2d4851a1d" />
    <TestEntry testId="d59f9c21-4d60-999f-13eb-8953d40281a3" executionId="3ea8bdda-bfc0-4c20-90b0-a8809d64a475" testListId="8c84fa94-04c1-424b-9868-57a2d4851a1d" />
    <TestEntry testId="8a49a66f-b9cc-0eba-ed8a-3110e5b7ef18" executionId="27c23a74-6671-4b2f-89ec-b654f0922af8" testListId="8c84fa94-04c1-424b-9868-57a2d4851a1d" />
  </TestEntries>
  <TestLists>
    <TestList name="列表中未列出的结果" id="8c84fa94-04c1-424b-9868-57a2d4851a1d" />
    <TestList name="所有已加载的结果" id="19431567-8539-422a-85d7-44ee4e166bda" />
  </TestLists>
  <ResultSummary outcome="Failed">
    <Counters total="8" executed="8" passed="7" failed="1" error="0" timeout="0" aborted="0" inconclusive="0" passedButRunAborted="0" notRunnable="0" notExecuted="0" disconnected="0" warning="0" completed="0" inProgress="0" pending="0" />
    <Output>
      <StdOut>NUnit Adapter 4.6.0.0: Test execution started&#xD;
Running selected tests in D:\RiderProject\Events\LayerBase.Test\bin\Debug\net9.0\LayerBase.Test.dll&#xD;
   NUnit3TestExecutor discovered 8 of 8 NUnit test cases using Current Discovery mode, Non-Explicit run&#xD;
NUnit Adapter 4.6.0.0: Test execution complete&#xD;
</StdOut>
    </Output>
  </ResultSummary>
</TestRun>